../Core/Src/main.c:82:5:main	8	static
../Core/Src/main.c:141:6:SystemClock_Config	88	static
../Core/Src/main.c:187:13:MX_TIM1_Init	48	static
../Core/Src/main.c:246:13:MX_TIM2_Init	64	static
../Core/Src/main.c:305:13:MX_TIM3_Init	32	static
../Core/Src/main.c:350:13:MX_GPIO_Init	48	static
../Core/Src/main.c:451:7:fuzzyController	312	static
../Core/Src/main.c:482:7:hlt_hinhthang	32	static
../Core/Src/main.c:492:7:hlt_tamgiac	24	static
../Core/Src/main.c:501:7:sum_array	32	static
../Core/Src/main.c:515:7:MIN	16	static
../Core/Src/main.c:522:7:rule	32	static
../Core/Src/main.c:533:7:Saturation	16	static
../Core/Src/main.c:542:6:Motor_Control	16	static
../Core/Src/main.c:558:6:HAL_TIM_PeriodElapsedCallback	32	static
../Core/Src/main.c:592:6:Error_Handler	4	static,ignoring_inline_asm
